skagedal.blogdans.render.PostRendererTest.render=[
<!DOCTYPE html>
<html>
    <head>
        <meta charset="utf-8">
        <meta name="viewport" content="width=device-width, initial-scale=1">
        <link rel="stylesheet" href="/css/style.css">
        <link rel="canonical" href="https://blog.skagedal.tech/2025-04-07-first-post/">
        <title>
            First post
        </title>
    </head>
    
</html>

]


skagedal.blogdans.render.PostRendererTest.withDescription=[
<!DOCTYPE html>
<html>
    <head>
        <meta charset="utf-8">
        <meta name="viewport" content="width=device-width, initial-scale=1">
        <meta name="description" content="Excerpt from First post">
        <link rel="stylesheet" href="/css/style.css">
        <link rel="canonical" href="https://blog.skagedal.tech/2025-04-07-first-post/">
        <title>
            First post
        </title>
    </head>
    
</html>

]